<html>
<head>
<meta charset="utf-8">
<title>OpenPetra Reports</title>
<link href="/css/report.css" rel="stylesheet">
</head>

<body>

<div id="head">
	<div class="title1">Partner By City</div>
</div>



<div id="column_headings" class="row">
	<div class="col-2">Partner Key</div>
	<div class="col-2">Name</div>
	<div class="col-2">Street</div>
	<div class="col-1">Post Code</div>
	<div class="col-2">City</div>
	<div class="col-2">Country</div>
	<div class="col-1">Phone</div>
</div>
<div class="row">
	<div class="col-12">
		<hr>
	</div>
</div>
<div id="content">
	
<div id="partner0" class="row">
		<div class="col-2">43013259</div>
		<div class="col-2">Thamm, Maria, Mrs.</div>
		<div class="col-2">NO_CONSENT</div>
		<div class="col-1"></div>
		<div class="col-2">NO_CONSENT</div>
		<div class="col-2"></div>
		<div class="col-1"></div>
	</div></div>

</body>
</html>
