<html>
<head>
<meta charset="utf-8">
<title>OpenPetra Reports</title>
<link href="/css/report.css" rel="stylesheet">
</head>

<body>

<div id="head">
	<div class="title1">Partner By Special Types</div>
</div>



<div id="column_headings" class="row">
	<div class="col-2">Partner Key</div>
	<div class="col-2">Name</div>
	<div class="col-2">Street</div>
	<div class="col-1">Post Code</div>
	<div class="col-1">City</div>
	<div class="col-1">Country</div>
	<div class="col-1">Phone</div>
	<div class="col-1">Mobile</div>
	<div class="col-1">E-Mail</div>
</div>
<div class="row">
	<div class="col-12">
		<hr>
	</div>
</div>
<div id="content">
	
<div id="partner0" class="row">
		<div class="col-2">4000000</div>
		<div class="col-2">International Clearing House</div>
		<div class="col-2">NO_CONSENT</div>
		<div class="col-1"></div>
		<div class="col-1"></div>
		<div class="col-1"></div>
		<div class="col-1"></div>
		<div class="col-1"></div>
		<div class="col-1"></div>
	</div><div id="partner1" class="row">
		<div class="col-2">35000000</div>
		<div class="col-2">Switzerland</div>
		<div class="col-2">NO_CONSENT</div>
		<div class="col-1"></div>
		<div class="col-1"></div>
		<div class="col-1"></div>
		<div class="col-1"></div>
		<div class="col-1"></div>
		<div class="col-1"></div>
	</div><div id="partner2" class="row">
		<div class="col-2">43000000</div>
		<div class="col-2">Germany</div>
		<div class="col-2">NO_CONSENT</div>
		<div class="col-1"></div>
		<div class="col-1"></div>
		<div class="col-1"></div>
		<div class="col-1"></div>
		<div class="col-1"></div>
		<div class="col-1"></div>
	</div><div id="partner3" class="row">
		<div class="col-2">73000000</div>
		<div class="col-2">Kenya</div>
		<div class="col-2">NO_CONSENT</div>
		<div class="col-1"></div>
		<div class="col-1"></div>
		<div class="col-1"></div>
		<div class="col-1"></div>
		<div class="col-1"></div>
		<div class="col-1"></div>
	</div><div id="partner4" class="row">
		<div class="col-2">95000000</div>
		<div class="col-2">Global Impact Fund</div>
		<div class="col-2">NO_CONSENT</div>
		<div class="col-1"></div>
		<div class="col-1"></div>
		<div class="col-1"></div>
		<div class="col-1"></div>
		<div class="col-1"></div>
		<div class="col-1"></div>
	</div><div id="partner5" class="row">
		<div class="col-2">101000000</div>
		<div class="col-2">GUYANA</div>
		<div class="col-2">NO_CONSENT</div>
		<div class="col-1"></div>
		<div class="col-1"></div>
		<div class="col-1"></div>
		<div class="col-1"></div>
		<div class="col-1"></div>
		<div class="col-1"></div>
	</div><div id="partner6" class="row">
		<div class="col-2">102000000</div>
		<div class="col-2">NIGERIA</div>
		<div class="col-2">NO_CONSENT</div>
		<div class="col-1"></div>
		<div class="col-1"></div>
		<div class="col-1"></div>
		<div class="col-1"></div>
		<div class="col-1"></div>
		<div class="col-1"></div>
	</div><div id="partner7" class="row">
		<div class="col-2">103000000</div>
		<div class="col-2">CAMBODIA</div>
		<div class="col-2">NO_CONSENT</div>
		<div class="col-1"></div>
		<div class="col-1"></div>
		<div class="col-1"></div>
		<div class="col-1"></div>
		<div class="col-1"></div>
		<div class="col-1"></div>
	</div><div id="partner8" class="row">
		<div class="col-2">104000000</div>
		<div class="col-2">EL SALVADOR</div>
		<div class="col-2">NO_CONSENT</div>
		<div class="col-1"></div>
		<div class="col-1"></div>
		<div class="col-1"></div>
		<div class="col-1"></div>
		<div class="col-1"></div>
		<div class="col-1"></div>
	</div><div id="partner9" class="row">
		<div class="col-2">105000000</div>
		<div class="col-2">TUNISIA</div>
		<div class="col-2">NO_CONSENT</div>
		<div class="col-1"></div>
		<div class="col-1"></div>
		<div class="col-1"></div>
		<div class="col-1"></div>
		<div class="col-1"></div>
		<div class="col-1"></div>
	</div><div id="partner10" class="row">
		<div class="col-2">106000000</div>
		<div class="col-2">MAURITANIA</div>
		<div class="col-2">NO_CONSENT</div>
		<div class="col-1"></div>
		<div class="col-1"></div>
		<div class="col-1"></div>
		<div class="col-1"></div>
		<div class="col-1"></div>
		<div class="col-1"></div>
	</div><div id="partner11" class="row">
		<div class="col-2">107000000</div>
		<div class="col-2">UZBEKISTAN</div>
		<div class="col-2">NO_CONSENT</div>
		<div class="col-1"></div>
		<div class="col-1"></div>
		<div class="col-1"></div>
		<div class="col-1"></div>
		<div class="col-1"></div>
		<div class="col-1"></div>
	</div><div id="partner12" class="row">
		<div class="col-2">108000000</div>
		<div class="col-2">HONG KONG</div>
		<div class="col-2">NO_CONSENT</div>
		<div class="col-1"></div>
		<div class="col-1"></div>
		<div class="col-1"></div>
		<div class="col-1"></div>
		<div class="col-1"></div>
		<div class="col-1"></div>
	</div><div id="partner13" class="row">
		<div class="col-2">109000000</div>
		<div class="col-2">GUATEMALA</div>
		<div class="col-2">NO_CONSENT</div>
		<div class="col-1"></div>
		<div class="col-1"></div>
		<div class="col-1"></div>
		<div class="col-1"></div>
		<div class="col-1"></div>
		<div class="col-1"></div>
	</div><div id="partner14" class="row">
		<div class="col-2">110000000</div>
		<div class="col-2">GUINEA</div>
		<div class="col-2">NO_CONSENT</div>
		<div class="col-1"></div>
		<div class="col-1"></div>
		<div class="col-1"></div>
		<div class="col-1"></div>
		<div class="col-1"></div>
		<div class="col-1"></div>
	</div><div id="partner15" class="row">
		<div class="col-2">111000000</div>
		<div class="col-2">MOLDOVA (REPUBLIC OF)</div>
		<div class="col-2">NO_CONSENT</div>
		<div class="col-1"></div>
		<div class="col-1"></div>
		<div class="col-1"></div>
		<div class="col-1"></div>
		<div class="col-1"></div>
		<div class="col-1"></div>
	</div><div id="partner16" class="row">
		<div class="col-2">112000000</div>
		<div class="col-2">IRELAND</div>
		<div class="col-2">NO_CONSENT</div>
		<div class="col-1"></div>
		<div class="col-1"></div>
		<div class="col-1"></div>
		<div class="col-1"></div>
		<div class="col-1"></div>
		<div class="col-1"></div>
	</div><div id="partner17" class="row">
		<div class="col-2">113000000</div>
		<div class="col-2">ZIMBABWE</div>
		<div class="col-2">NO_CONSENT</div>
		<div class="col-1"></div>
		<div class="col-1"></div>
		<div class="col-1"></div>
		<div class="col-1"></div>
		<div class="col-1"></div>
		<div class="col-1"></div>
	</div><div id="partner18" class="row">
		<div class="col-2">114000000</div>
		<div class="col-2">VENEZUELA</div>
		<div class="col-2">NO_CONSENT</div>
		<div class="col-1"></div>
		<div class="col-1"></div>
		<div class="col-1"></div>
		<div class="col-1"></div>
		<div class="col-1"></div>
		<div class="col-1"></div>
	</div><div id="partner19" class="row">
		<div class="col-2">115000000</div>
		<div class="col-2">PUERTO RICO</div>
		<div class="col-2">NO_CONSENT</div>
		<div class="col-1"></div>
		<div class="col-1"></div>
		<div class="col-1"></div>
		<div class="col-1"></div>
		<div class="col-1"></div>
		<div class="col-1"></div>
	</div></div>

</body>
</html>
