<html>
<head>
<meta charset="utf-8">
<title>Recipients of Subscription</title>
<link href="/css/report.css" rel="stylesheet">
</head>

<body>

<div id="head">
</div>




<div id="column_headings" class="row">
	<div class="col-1">PartnerKey</div>
	<div class="col-1">Valid Post Address</div>
	<div class="col-2">PartnerName</div>
	<div class="col-2">StreetName</div>
	<div class="col-1">PostCode</div>
	<div class="col-2">City</div>
	<div class="col-1">Country</div>
	<div class="col-2">E-Mail</div>
</div>
<div class="row">
	<div class="col-12">
		<hr>
	</div>
</div>
<div id="content">
	
<div id="partner0">
		<div id="transaction_template" class="row">
			<div class="col-1">43012100</div>
			<div class="col-1">true</div>
			<div class="col-2">Mrs. Johanna Arens</div>
			<div class="col-2">NO_CONSENT</div>
			<div class="col-1"></div>
			<div class="col-2">NO_CONSENT</div>
			<div class="col-1"></div>
			<div class="col-2">jarens@wgxg.net</div>
		</div>
	</div><div id="partner1">
		<div id="transaction_template" class="row">
			<div class="col-1">43013911</div>
			<div class="col-1">true</div>
			<div class="col-2">Mr. Gerhard Arndt</div>
			<div class="col-2">NO_CONSENT</div>
			<div class="col-1"></div>
			<div class="col-2">NO_CONSENT</div>
			<div class="col-1"></div>
			<div class="col-2">NO_CONSENT</div>
		</div>
	</div></div>

</body>
</html>
